Running mode: FULL
2026-07-16 12:12:40,867 INFO [pipeline.py:93] Truncating warehouse tables...
2026-07-16 12:12:40,920 INFO [load.py:37] Truncated: fact_trips, dim_driver, dim_vehicle, dim_passenger, dim_location, dim_payment_method, dim_promo_code
/Users/krisamaharjan/Documents/Data ENGINEERING/Assignment-Submission/Data-Engineering-Course/Week5/etl_using_pandas/extract.py:11: UserWarning: pandas only supports SQLAlchemy connectable (engine/connection) or database string URI or sqlite3 DBAPI2 connection. Other DBAPI2 objects are not tested. Please consider using SQLAlchemy.
  df = pd.read_sql_query(sql, conn, params=params)
2026-07-16 12:12:41,023 INFO [extract.py:12] Extracted 25 rows from the table
2026-07-16 12:12:41,045 INFO [load.py:21] 25 inserted to dim_driver
/Users/krisamaharjan/Documents/Data ENGINEERING/Assignment-Submission/Data-Engineering-Course/Week5/etl_using_pandas/extract.py:11: UserWarning: pandas only supports SQLAlchemy connectable (engine/connection) or database string URI or sqlite3 DBAPI2 connection. Other DBAPI2 objects are not tested. Please consider using SQLAlchemy.
  df = pd.read_sql_query(sql, conn, params=params)
2026-07-16 12:12:41,047 INFO [extract.py:12] Extracted 30 rows from the table
2026-07-16 12:12:41,052 INFO [load.py:21] 30 inserted to dim_vehicle
/Users/krisamaharjan/Documents/Data ENGINEERING/Assignment-Submission/Data-Engineering-Course/Week5/etl_using_pandas/extract.py:11: UserWarning: pandas only supports SQLAlchemy connectable (engine/connection) or database string URI or sqlite3 DBAPI2 connection. Other DBAPI2 objects are not tested. Please consider using SQLAlchemy.
  df = pd.read_sql_query(sql, conn, params=params)
2026-07-16 12:12:41,054 INFO [extract.py:12] Extracted 45 rows from the table
2026-07-16 12:12:41,060 INFO [load.py:21] 45 inserted to dim_passenger
/Users/krisamaharjan/Documents/Data ENGINEERING/Assignment-Submission/Data-Engineering-Course/Week5/etl_using_pandas/extract.py:11: UserWarning: pandas only supports SQLAlchemy connectable (engine/connection) or database string URI or sqlite3 DBAPI2 connection. Other DBAPI2 objects are not tested. Please consider using SQLAlchemy.
  df = pd.read_sql_query(sql, conn, params=params)
2026-07-16 12:12:41,061 INFO [extract.py:12] Extracted 25 rows from the table
2026-07-16 12:12:41,067 INFO [load.py:21] 25 inserted to dim_location
/Users/krisamaharjan/Documents/Data ENGINEERING/Assignment-Submission/Data-Engineering-Course/Week5/etl_using_pandas/extract.py:11: UserWarning: pandas only supports SQLAlchemy connectable (engine/connection) or database string URI or sqlite3 DBAPI2 connection. Other DBAPI2 objects are not tested. Please consider using SQLAlchemy.
  df = pd.read_sql_query(sql, conn, params=params)
2026-07-16 12:12:41,068 INFO [extract.py:12] Extracted 7 rows from the table
2026-07-16 12:12:41,069 INFO [load.py:21] 7 inserted to dim_payment_method
/Users/krisamaharjan/Documents/Data ENGINEERING/Assignment-Submission/Data-Engineering-Course/Week5/etl_using_pandas/extract.py:11: UserWarning: pandas only supports SQLAlchemy connectable (engine/connection) or database string URI or sqlite3 DBAPI2 connection. Other DBAPI2 objects are not tested. Please consider using SQLAlchemy.
  df = pd.read_sql_query(sql, conn, params=params)
2026-07-16 12:12:41,070 INFO [extract.py:12] Extracted 10 rows from the table
2026-07-16 12:12:41,072 INFO [load.py:21] 10 inserted to dim_promo_code
2026-07-16 12:12:41,072 INFO [pipeline.py:108] Dimension table load completed in 0.15s
2026-07-16 12:12:41,072 INFO [extract.py:125] Loading lookup tables into memory
/Users/krisamaharjan/Documents/Data ENGINEERING/Assignment-Submission/Data-Engineering-Course/Week5/etl_using_pandas/extract.py:127: UserWarning: pandas only supports SQLAlchemy connectable (engine/connection) or database string URI or sqlite3 DBAPI2 connection. Other DBAPI2 objects are not tested. Please consider using SQLAlchemy.
  "driver": pd.read_sql_query("SELECT driver_id, driver_key FROM dim_driver", conn),
/Users/krisamaharjan/Documents/Data ENGINEERING/Assignment-Submission/Data-Engineering-Course/Week5/etl_using_pandas/extract.py:128: UserWarning: pandas only supports SQLAlchemy connectable (engine/connection) or database string URI or sqlite3 DBAPI2 connection. Other DBAPI2 objects are not tested. Please consider using SQLAlchemy.
  "vehicle": pd.read_sql_query("SELECT vehicle_id, vehicle_key FROM dim_vehicle", conn),
/Users/krisamaharjan/Documents/Data ENGINEERING/Assignment-Submission/Data-Engineering-Course/Week5/etl_using_pandas/extract.py:129: UserWarning: pandas only supports SQLAlchemy connectable (engine/connection) or database string URI or sqlite3 DBAPI2 connection. Other DBAPI2 objects are not tested. Please consider using SQLAlchemy.
  "time": pd.read_sql_query("SELECT time_key, hour, minute_bucket FROM dim_time", conn),
/Users/krisamaharjan/Documents/Data ENGINEERING/Assignment-Submission/Data-Engineering-Course/Week5/etl_using_pandas/extract.py:130: UserWarning: pandas only supports SQLAlchemy connectable (engine/connection) or database string URI or sqlite3 DBAPI2 connection. Other DBAPI2 objects are not tested. Please consider using SQLAlchemy.
  "passenger": pd.read_sql_query("SELECT passenger_id, passenger_key FROM dim_passenger", conn),
/Users/krisamaharjan/Documents/Data ENGINEERING/Assignment-Submission/Data-Engineering-Course/Week5/etl_using_pandas/extract.py:131: UserWarning: pandas only supports SQLAlchemy connectable (engine/connection) or database string URI or sqlite3 DBAPI2 connection. Other DBAPI2 objects are not tested. Please consider using SQLAlchemy.
  "location": pd.read_sql_query("SELECT location_id, location_key FROM dim_location", conn),
/Users/krisamaharjan/Documents/Data ENGINEERING/Assignment-Submission/Data-Engineering-Course/Week5/etl_using_pandas/extract.py:132: UserWarning: pandas only supports SQLAlchemy connectable (engine/connection) or database string URI or sqlite3 DBAPI2 connection. Other DBAPI2 objects are not tested. Please consider using SQLAlchemy.
  "payment_method": pd.read_sql_query(
/Users/krisamaharjan/Documents/Data ENGINEERING/Assignment-Submission/Data-Engineering-Course/Week5/etl_using_pandas/extract.py:135: UserWarning: pandas only supports SQLAlchemy connectable (engine/connection) or database string URI or sqlite3 DBAPI2 connection. Other DBAPI2 objects are not tested. Please consider using SQLAlchemy.
  "promo_code": pd.read_sql_query("SELECT promo_code_id, promo_code_key FROM dim_promo_code", conn),
/Users/krisamaharjan/Documents/Data ENGINEERING/Assignment-Submission/Data-Engineering-Course/Week5/etl_using_pandas/extract.py:136: UserWarning: pandas only supports SQLAlchemy connectable (engine/connection) or database string URI or sqlite3 DBAPI2 connection. Other DBAPI2 objects are not tested. Please consider using SQLAlchemy.
  "date": pd.read_sql_query("SELECT date_key FROM dim_date", conn),
2026-07-16 12:12:41,076 INFO [pipeline.py:119] Lookup table extraction completed in 0.00s
2026-07-16 12:12:41,076 INFO [pipeline.py:123] Connecting to source: localhost:5432/ride_prod
/Users/krisamaharjan/Documents/Data ENGINEERING/Assignment-Submission/Data-Engineering-Course/Week5/etl_using_pandas/extract.py:11: UserWarning: pandas only supports SQLAlchemy connectable (engine/connection) or database string URI or sqlite3 DBAPI2 connection. Other DBAPI2 objects are not tested. Please consider using SQLAlchemy.
  df = pd.read_sql_query(sql, conn, params=params)
2026-07-16 12:12:41,148 INFO [extract.py:12] Extracted 10011 rows from the table
2026-07-16 12:12:41,148 INFO [pipeline.py:140] Trip extraction completed in 0.07s
2026-07-16 12:12:41,181 INFO [transform.py:165] Transformed 10011 rows, skipped 0
2026-07-16 12:12:41,181 INFO [pipeline.py:151] Transformation completed in 0.03s
2026-07-16 12:12:41,182 INFO [quality.py:122] Quality gate passed: 10,011 rows, 5 checks
2026-07-16 12:12:41,182 INFO [pipeline.py:165] Quality checks completed in 0.00s
2026-07-16 12:12:42,039 INFO [load.py:21] 10011 inserted to fact_trips
2026-07-16 12:12:42,040 INFO [pipeline.py:173] Fact table load completed in 0.86s
