Running mode: INCREMENTAL
/Users/krisamaharjan/Documents/Data ENGINEERING/Assignment-Submission/Data-Engineering-Course/Week5/etl_using_pandas/extract.py:11: UserWarning: pandas only supports SQLAlchemy connectable (engine/connection) or database string URI or sqlite3 DBAPI2 connection. Other DBAPI2 objects are not tested. Please consider using SQLAlchemy.
  df = pd.read_sql_query(sql, conn, params=params)
2026-07-16 12:14:49,593 INFO [extract.py:12] Extracted 25 rows from the table
2026-07-16 12:14:49,607 INFO [load.py:21] 0 inserted to dim_driver
/Users/krisamaharjan/Documents/Data ENGINEERING/Assignment-Submission/Data-Engineering-Course/Week5/etl_using_pandas/extract.py:11: UserWarning: pandas only supports SQLAlchemy connectable (engine/connection) or database string URI or sqlite3 DBAPI2 connection. Other DBAPI2 objects are not tested. Please consider using SQLAlchemy.
  df = pd.read_sql_query(sql, conn, params=params)
2026-07-16 12:14:49,610 INFO [extract.py:12] Extracted 30 rows from the table
2026-07-16 12:14:49,615 INFO [load.py:21] 0 inserted to dim_vehicle
/Users/krisamaharjan/Documents/Data ENGINEERING/Assignment-Submission/Data-Engineering-Course/Week5/etl_using_pandas/extract.py:11: UserWarning: pandas only supports SQLAlchemy connectable (engine/connection) or database string URI or sqlite3 DBAPI2 connection. Other DBAPI2 objects are not tested. Please consider using SQLAlchemy.
  df = pd.read_sql_query(sql, conn, params=params)
2026-07-16 12:14:49,617 INFO [extract.py:12] Extracted 45 rows from the table
2026-07-16 12:14:49,624 INFO [load.py:21] 0 inserted to dim_passenger
/Users/krisamaharjan/Documents/Data ENGINEERING/Assignment-Submission/Data-Engineering-Course/Week5/etl_using_pandas/extract.py:11: UserWarning: pandas only supports SQLAlchemy connectable (engine/connection) or database string URI or sqlite3 DBAPI2 connection. Other DBAPI2 objects are not tested. Please consider using SQLAlchemy.
  df = pd.read_sql_query(sql, conn, params=params)
2026-07-16 12:14:49,625 INFO [extract.py:12] Extracted 25 rows from the table
2026-07-16 12:14:49,630 INFO [load.py:21] 0 inserted to dim_location
/Users/krisamaharjan/Documents/Data ENGINEERING/Assignment-Submission/Data-Engineering-Course/Week5/etl_using_pandas/extract.py:11: UserWarning: pandas only supports SQLAlchemy connectable (engine/connection) or database string URI or sqlite3 DBAPI2 connection. Other DBAPI2 objects are not tested. Please consider using SQLAlchemy.
  df = pd.read_sql_query(sql, conn, params=params)
2026-07-16 12:14:49,631 INFO [extract.py:12] Extracted 7 rows from the table
2026-07-16 12:14:49,632 INFO [load.py:21] 0 inserted to dim_payment_method
/Users/krisamaharjan/Documents/Data ENGINEERING/Assignment-Submission/Data-Engineering-Course/Week5/etl_using_pandas/extract.py:11: UserWarning: pandas only supports SQLAlchemy connectable (engine/connection) or database string URI or sqlite3 DBAPI2 connection. Other DBAPI2 objects are not tested. Please consider using SQLAlchemy.
  df = pd.read_sql_query(sql, conn, params=params)
2026-07-16 12:14:49,633 INFO [extract.py:12] Extracted 10 rows from the table
2026-07-16 12:14:49,635 INFO [load.py:21] 0 inserted to dim_promo_code
2026-07-16 12:14:49,635 INFO [pipeline.py:108] Dimension table load completed in 0.14s
2026-07-16 12:14:49,635 INFO [extract.py:125] Loading lookup tables into memory
/Users/krisamaharjan/Documents/Data ENGINEERING/Assignment-Submission/Data-Engineering-Course/Week5/etl_using_pandas/extract.py:127: UserWarning: pandas only supports SQLAlchemy connectable (engine/connection) or database string URI or sqlite3 DBAPI2 connection. Other DBAPI2 objects are not tested. Please consider using SQLAlchemy.
  "driver": pd.read_sql_query("SELECT driver_id, driver_key FROM dim_driver", conn),
/Users/krisamaharjan/Documents/Data ENGINEERING/Assignment-Submission/Data-Engineering-Course/Week5/etl_using_pandas/extract.py:128: UserWarning: pandas only supports SQLAlchemy connectable (engine/connection) or database string URI or sqlite3 DBAPI2 connection. Other DBAPI2 objects are not tested. Please consider using SQLAlchemy.
  "vehicle": pd.read_sql_query("SELECT vehicle_id, vehicle_key FROM dim_vehicle", conn),
/Users/krisamaharjan/Documents/Data ENGINEERING/Assignment-Submission/Data-Engineering-Course/Week5/etl_using_pandas/extract.py:129: UserWarning: pandas only supports SQLAlchemy connectable (engine/connection) or database string URI or sqlite3 DBAPI2 connection. Other DBAPI2 objects are not tested. Please consider using SQLAlchemy.
  "time": pd.read_sql_query("SELECT time_key, hour, minute_bucket FROM dim_time", conn),
/Users/krisamaharjan/Documents/Data ENGINEERING/Assignment-Submission/Data-Engineering-Course/Week5/etl_using_pandas/extract.py:130: UserWarning: pandas only supports SQLAlchemy connectable (engine/connection) or database string URI or sqlite3 DBAPI2 connection. Other DBAPI2 objects are not tested. Please consider using SQLAlchemy.
  "passenger": pd.read_sql_query("SELECT passenger_id, passenger_key FROM dim_passenger", conn),
/Users/krisamaharjan/Documents/Data ENGINEERING/Assignment-Submission/Data-Engineering-Course/Week5/etl_using_pandas/extract.py:131: UserWarning: pandas only supports SQLAlchemy connectable (engine/connection) or database string URI or sqlite3 DBAPI2 connection. Other DBAPI2 objects are not tested. Please consider using SQLAlchemy.
  "location": pd.read_sql_query("SELECT location_id, location_key FROM dim_location", conn),
/Users/krisamaharjan/Documents/Data ENGINEERING/Assignment-Submission/Data-Engineering-Course/Week5/etl_using_pandas/extract.py:132: UserWarning: pandas only supports SQLAlchemy connectable (engine/connection) or database string URI or sqlite3 DBAPI2 connection. Other DBAPI2 objects are not tested. Please consider using SQLAlchemy.
  "payment_method": pd.read_sql_query(
/Users/krisamaharjan/Documents/Data ENGINEERING/Assignment-Submission/Data-Engineering-Course/Week5/etl_using_pandas/extract.py:135: UserWarning: pandas only supports SQLAlchemy connectable (engine/connection) or database string URI or sqlite3 DBAPI2 connection. Other DBAPI2 objects are not tested. Please consider using SQLAlchemy.
  "promo_code": pd.read_sql_query("SELECT promo_code_id, promo_code_key FROM dim_promo_code", conn),
/Users/krisamaharjan/Documents/Data ENGINEERING/Assignment-Submission/Data-Engineering-Course/Week5/etl_using_pandas/extract.py:136: UserWarning: pandas only supports SQLAlchemy connectable (engine/connection) or database string URI or sqlite3 DBAPI2 connection. Other DBAPI2 objects are not tested. Please consider using SQLAlchemy.
  "date": pd.read_sql_query("SELECT date_key FROM dim_date", conn),
2026-07-16 12:14:49,642 INFO [pipeline.py:119] Lookup table extraction completed in 0.01s
2026-07-16 12:14:49,642 INFO [pipeline.py:123] Connecting to source: localhost:5432/ride_prod
/Users/krisamaharjan/Documents/Data ENGINEERING/Assignment-Submission/Data-Engineering-Course/Week5/etl_using_pandas/extract.py:149: UserWarning: pandas only supports SQLAlchemy connectable (engine/connection) or database string URI or sqlite3 DBAPI2 connection. Other DBAPI2 objects are not tested. Please consider using SQLAlchemy.
  df = pd.read_sql_query(
2026-07-16 12:14:49,652 INFO [extract.py:157] Watermark: 2026-07-16 11:54:26.039145
/Users/krisamaharjan/Documents/Data ENGINEERING/Assignment-Submission/Data-Engineering-Course/Week5/etl_using_pandas/extract.py:11: UserWarning: pandas only supports SQLAlchemy connectable (engine/connection) or database string URI or sqlite3 DBAPI2 connection. Other DBAPI2 objects are not tested. Please consider using SQLAlchemy.
  df = pd.read_sql_query(sql, conn, params=params)
2026-07-16 12:14:49,658 INFO [extract.py:12] Extracted 2 rows from the table
2026-07-16 12:14:49,658 INFO [pipeline.py:140] Trip extraction completed in 0.02s
2026-07-16 12:14:49,668 INFO [transform.py:165] Transformed 2 rows, skipped 0
2026-07-16 12:14:49,668 INFO [pipeline.py:151] Transformation completed in 0.01s
2026-07-16 12:14:49,668 INFO [quality.py:122] Quality gate passed: 2 rows, 5 checks
2026-07-16 12:14:49,668 INFO [pipeline.py:165] Quality checks completed in 0.00s
2026-07-16 12:14:49,673 INFO [load.py:21] 2 inserted to fact_trips
2026-07-16 12:14:49,674 INFO [pipeline.py:173] Fact table load completed in 0.01s
